// Jest Snapshot v1, https://goo.gl/fbAQLP

exports[`With Jest snapshot, Place component renders rating section when present 1`] = `
<div
  className="root"
>
  <div
    className="name"
  >
    Where for lunch?
  </div>
  <div
    className="box"
  >
    <div />
    <div />
    <div />
    <div />
    <div
      className="rating"
    >
      <div
        className="ratingScore"
      >
         reviews
      </div>
      <div
        className="stars"
      >
        <div
          className="emptyStars"
        />
        <div
          className="fullStars"
          style={
            Object {
              "width": "70%",
            }
          }
        />
      </div>
    </div>
  </div>
</div>
`;
